// Jest Snapshot v1, https://goo.gl/fbAQLP

exports[`<SubmitButton/> 1`] = `
<div
  className="MuiFormControl-root MuiFormControl-fullWidth"
>
  <div
    className="MuiBox-root MuiBox-root-1"
  >
    <hr
      className="MuiDivider-root"
    />
  </div>
  <button
    className="MuiButtonBase-root MuiButton-root MuiButton-contained MuiButton-containedPrimary"
    disabled={false}
    onBlur={[Function]}
    onClick={[Function]}
    onDragLeave={[Function]}
    onFocus={[Function]}
    onKeyDown={[Function]}
    onKeyUp={[Function]}
    onMouseDown={[Function]}
    onMouseLeave={[Function]}
    onMouseUp={[Function]}
    onTouchEnd={[Function]}
    onTouchMove={[Function]}
    onTouchStart={[Function]}
    tabIndex={0}
    type="button"
  >
    <span
      className="MuiButton-label"
    >
      Submit
    </span>
  </button>
</div>
`;
