// Jest Snapshot v1, https://goo.gl/fbAQLP

exports[`NEW and EDIT <ISO8601DateTimePicker /> should handle any date and time in EDT timezone 1`] = `
<div
  class="MuiFormControl-root MuiFormControl-fullWidth"
>
  <div
    class="MuiFormControl-root MuiTextField-root MuiFormControl-marginNormal"
    format="yyyy-MM-dd HH:mm:ss OOOO"
  >
    <label
      class="MuiFormLabel-root MuiInputLabel-root MuiInputLabel-formControl MuiInputLabel-animated MuiInputLabel-shrink MuiFormLabel-filled"
      data-shrink="true"
      for="test_date_time_picker"
      id="test_date_time_picker-label"
    >
      Test Date Time Picker
    </label>
    <div
      class="MuiInputBase-root MuiInput-root MuiInput-underline MuiInputBase-formControl MuiInput-formControl"
    >
      <input
        aria-describedby="test_date_time_picker-helper-text"
        aria-invalid="false"
        class="MuiInputBase-input MuiInput-input"
        id="test_date_time_picker"
        name="test_date_time_picker"
        readonly=""
        type="text"
        value="2021-07-22 09:00:00 GMT-04:00"
      />
    </div>
    <p
      class="MuiFormHelperText-root MuiFormHelperText-filled"
      id="test_date_time_picker-helper-text"
    >
      This is a description of a date time picker.
    </p>
  </div>
</div>
`;

exports[`SHOW <ISO8601DateTimePicker /> should handle any date and time in EDT timezone 1`] = `
<div
  class="MuiFormControl-root MuiFormControl-fullWidth"
>
  <div
    class="MuiFormControl-root MuiTextField-root MuiFormControl-marginNormal"
    format="yyyy-MM-dd HH:mm:ss OOOO"
    readonly=""
  >
    <label
      class="MuiFormLabel-root MuiInputLabel-root MuiInputLabel-formControl MuiInputLabel-animated MuiInputLabel-shrink MuiFormLabel-filled"
      data-shrink="true"
      for="test_date_time_picker"
      id="test_date_time_picker-label"
    >
      Test Date Time Picker
    </label>
    <div
      class="MuiInputBase-root MuiInput-root MuiInput-underline MuiInputBase-formControl MuiInput-formControl"
    >
      <input
        aria-describedby="test_date_time_picker-helper-text"
        aria-invalid="false"
        class="MuiInputBase-input MuiInput-input"
        id="test_date_time_picker"
        name="test_date_time_picker"
        readonly=""
        type="text"
        value="2021-07-22 09:00:00 GMT-04:00"
      />
    </div>
    <p
      class="MuiFormHelperText-root MuiFormHelperText-filled"
      id="test_date_time_picker-helper-text"
    >
      This is a description of a date time picker.
    </p>
  </div>
</div>
`;
