// Jest Snapshot v1, https://goo.gl/fbAQLP

exports[`<DeleteDrsObjectButton /> 1`] = `
<div>
  <button
    className="MuiButtonBase-root MuiButton-root MuiButton-contained MuiButton-containedSecondary MuiButton-containedSizeLarge MuiButton-sizeLarge"
    disabled={false}
    onBlur={[Function]}
    onClick={[Function]}
    onDragLeave={[Function]}
    onFocus={[Function]}
    onKeyDown={[Function]}
    onKeyUp={[Function]}
    onMouseDown={[Function]}
    onMouseLeave={[Function]}
    onMouseUp={[Function]}
    onTouchEnd={[Function]}
    onTouchMove={[Function]}
    onTouchStart={[Function]}
    tabIndex={0}
    type="button"
  >
    <span
      className="MuiButton-label"
    >
      <span
        className="MuiTypography-root MuiTypography-button"
      >
        Delete
      </span>
      <span
        className="MuiButton-endIcon MuiButton-iconSizeLarge"
      >
        <svg
          aria-hidden={true}
          className="MuiSvgIcon-root"
          focusable="false"
          viewBox="0 0 24 24"
        >
          <path
            d="M6 19c0 1.1.9 2 2 2h8c1.1 0 2-.9 2-2V7H6v12zM19 4h-3.5l-1-1h-5l-1 1H5v2h14V4z"
          />
        </svg>
      </span>
    </span>
  </button>
</div>
`;
