// Jest Snapshot v1, https://goo.gl/fbAQLP

exports[`NEW and EDIT <AddItemButton /> 1`] = `<div />`;

exports[`SHOW <AddItemButton /> 1`] = `<div />`;
