// Jest Snapshot v1, https://goo.gl/fbAQLP

exports[`NEW and EDIT <CreatedTime /> 1`] = `
<div
  class="MuiFormControl-root MuiFormControl-fullWidth"
>
  <div
    class="MuiFormControl-root MuiTextField-root MuiFormControl-marginNormal"
    format="yyyy-MM-dd HH:mm:ss OOOO"
  >
    <label
      class="MuiFormLabel-root MuiInputLabel-root MuiInputLabel-formControl MuiInputLabel-animated MuiInputLabel-shrink MuiFormLabel-filled"
      data-shrink="true"
      for="created_time"
      id="created_time-label"
    >
      Created Time
    </label>
    <div
      class="MuiInputBase-root MuiInput-root MuiInput-underline MuiInputBase-formControl MuiInput-formControl"
    >
      <input
        aria-describedby="created_time-helper-text"
        aria-invalid="false"
        class="MuiInputBase-input MuiInput-input"
        id="created_time"
        name="created_time"
        readonly=""
        type="text"
        value="2021-07-22 09:00:00 GMT-04:00"
      />
    </div>
    <p
      class="MuiFormHelperText-root MuiFormHelperText-filled"
      id="created_time-helper-text"
    >
      Timestamp of DRS Object creation in ISO 8601 format.
    </p>
  </div>
</div>
`;

exports[`SHOW <CreatedTime />  1`] = `
<div
  class="MuiFormControl-root MuiFormControl-fullWidth"
>
  <div
    class="MuiFormControl-root MuiTextField-root MuiFormControl-marginNormal"
    format="yyyy-MM-dd HH:mm:ss OOOO"
    readonly=""
  >
    <label
      class="MuiFormLabel-root MuiInputLabel-root MuiInputLabel-formControl MuiInputLabel-animated MuiInputLabel-shrink MuiFormLabel-filled"
      data-shrink="true"
      for="created_time"
      id="created_time-label"
    >
      Created Time
    </label>
    <div
      class="MuiInputBase-root MuiInput-root MuiInput-underline MuiInputBase-formControl MuiInput-formControl"
    >
      <input
        aria-describedby="created_time-helper-text"
        aria-invalid="false"
        class="MuiInputBase-input MuiInput-input"
        id="created_time"
        name="created_time"
        readonly=""
        type="text"
        value="2021-07-22 09:00:00 GMT-04:00"
      />
    </div>
    <p
      class="MuiFormHelperText-root MuiFormHelperText-filled"
      id="created_time-helper-text"
    >
      Timestamp of DRS Object creation in ISO 8601 format.
    </p>
  </div>
</div>
`;
